=====================================================
                RescueNet - Disaster Response Management System
                 SYSTEM STATUS REPORT
=====================================================
Generated On : 2026-09-11 08:47:38
System Build : v1.0.0
-----------------------------------------------------

Automated Verification Sample Report Content.
=====================================================
                 END OF OFFICIAL REPORT
=====================================================
